[safeenkurd.info/index.html]
[backblue.gif]
[fade.gif]
[index.html]
[safeenkurd.info/vendor/onsenui/css/onsen-css-components.min.css]
[safeenkurd.info/vendor/onsenui/css/onsenui.css]
[cdnjs.cloudflare.com/ajax/libs/jquery/3.3.1/jquery.min.js]
[safeenkurd.info/vendor/onsenui/js/onsenui.min.js]
[safeenkurd.info/vendor/semantic.min.css]
[safeenkurd.info/vendor/semantic.min.js]
[safeenkurd.info/vendor/style.css]
[cdnjs.cloudflare.com/ajax/libs/animate.css/3.7.0/animate.min.css]
[safeenkurd.info/dist/icons/apple_kurd.png]
[pagead2.googlesyndication.com/pagead/js/f.txt]
[safeenkurd.info/dist/icons/apple_kurd.jpg]
[www.safeenkurd.info/img/appleKurdStore1.jpg]
[cdn.ampproject.org/v0/amp-auto-ads-0.1.js]
[safeenkurd.info/dist/icons/insta.png]
[safeenkurd.info/dist/icons/fb.png]
[safeenkurd.info/dist/icons/you.png]
[choupsee.com/pfe/current/tag.min37da.js]
[safeenkurd.info/dist/icons/wh.png]
[iclickcdn.com/tag.min.js]
[content.app-valley.vip/icon/1345.png]
[safeenkurd.info/dist/icons/PubgHack.png]
[safeenkurd.info/dist/icons/cutecut.jpg]
[safeenkurd.info/dist/icons/kinemaster.png]
[safeenkurd.info/dist/icons/ms.jpg]
[safeenkurd.info/dist/icons/booby.png]
[safeenkurd.info/dist/icons/pop.png]
[safeenkurd.info/dist/icons/mediabox.png]
[safeenkurd.info/itms-services_/indexa474.html]
[content.app-valley.vip/icon/1590.png]
[theodyssey.dev/assets/images/icon.png]
[safeenkurd.info/index.html]
[safeenkurd.info/vendor/onsenui/css/onsen-css-components.min.css]
[safeenkurd.info/itms-services_/index007d.html]
[safeenkurd.info/vendor/onsenui/css/ionicons/css/ionicons.min.css]
[safeenkurd.info/vendor/onsenui/css/material-design-iconic-font/css/material-design-iconic-font.min.css]
[safeenkurd.info/vendor/onsenui/css/font_awesome/css/font-awesome.min.css]
[safeenkurd.info/vendor/onsenui/css/font_awesome/css/v4-shims.min.css]
[safeenkurd.info/vendor/onsenui/css/onsenui.css]
[safeenkurd.info/vendor/themes/default/assets/images/flags.png]
[safeenkurd.info/vendor/themes/default/assets/fonts/icons.eot]
[safeenkurd.info/vendor/themes/default/assets/fonts/iconsd41d.eot]
[safeenkurd.info/vendor/themes/default/assets/fonts/icons.woff2]
[safeenkurd.info/vendor/themes/default/assets/fonts/icons.woff]
[safeenkurd.info/vendor/themes/default/assets/fonts/icons.ttf]
[safeenkurd.info/vendor/themes/default/assets/fonts/icons.svg]
[safeenkurd.info/vendor/themes/default/assets/fonts/outline-icons.eot]
[safeenkurd.info/vendor/themes/default/assets/fonts/outline-iconsd41d.eot]
[safeenkurd.info/vendor/themes/default/assets/fonts/outline-icons.woff2]
[safeenkurd.info/vendor/themes/default/assets/fonts/outline-icons.woff]
[safeenkurd.info/vendor/themes/default/assets/fonts/outline-icons.ttf]
[safeenkurd.info/vendor/themes/default/assets/fonts/outline-icons.svg]
[safeenkurd.info/vendor/themes/default/assets/fonts/brand-icons.eot]
[safeenkurd.info/vendor/themes/default/assets/fonts/brand-iconsd41d.eot]
[safeenkurd.info/vendor/themes/default/assets/fonts/brand-icons.woff2]
[safeenkurd.info/vendor/themes/default/assets/fonts/brand-icons.woff]
[safeenkurd.info/vendor/themes/default/assets/fonts/brand-icons.ttf]
[safeenkurd.info/vendor/semantic.min.css]
[safeenkurd.info/vendor/themes/default/assets/fonts/brand-icons.svg]
[safeenkurd.info/GET]
[safeenkurd.info/vendor/onsenui/js/onsenui.min.js]
[safeenkurd.info/vendor/semantic.min.js]
[safeenkurd.info/OPR/index.html]
[safeenkurd.info/vendor/style.css]
[cdnjs.cloudflare.com/ajax/libs/animate.css/3.7.0/animate.min.css]
[safeenkurd.info/control/app.js]
[safeenkurd.info/itms-services_/indexa474.html]
[safeenkurd.info/itms-services_/index007d.html]
[safeenkurd.info/Edge/index.html]
[safeenkurd.info/vendor/onsenui/css/ionicons/fonts/ionicons.eot]
[safeenkurd.info/vendor/onsenui/css/ionicons/fonts/ionicons.ttf]
[safeenkurd.info/vendor/onsenui/css/ionicons/fonts/ionicons.woff]
[safeenkurd.info/vendor/onsenui/css/ionicons/css/ionicons.min.css]
[safeenkurd.info/vendor/onsenui/css/ionicons/fonts/ionicons.svg]
[safeenkurd.info/vendor/onsenui/css/material-design-iconic-font/fonts/Material-Design-Iconic-Font.woff2]
[safeenkurd.info/vendor/onsenui/css/material-design-iconic-font/fonts/Material-Design-Iconic-Font.woff]
[safeenkurd.info/vendor/onsenui/css/material-design-iconic-font/fonts/Material-Design-Iconic-Font.ttf]
[safeenkurd.info/vendor/onsenui/css/material-design-iconic-font/css/material-design-iconic-font.min.css]
[safeenkurd.info/vendor/onsenui/css/font_awesome/fonts/fa-brands-400.eot]
[safeenkurd.info/vendor/onsenui/css/font_awesome/fonts/fa-brands-400d41d.eot]
[safeenkurd.info/vendor/onsenui/css/font_awesome/fonts/fa-brands-400.woff2]
[safeenkurd.info/vendor/onsenui/css/font_awesome/fonts/fa-brands-400.woff]
[safeenkurd.info/vendor/onsenui/css/font_awesome/fonts/fa-brands-400.ttf]
[safeenkurd.info/vendor/onsenui/css/font_awesome/fonts/fa-brands-400.svg]
[safeenkurd.info/vendor/onsenui/css/font_awesome/fonts/fa-regular-400.eot]
[safeenkurd.info/vendor/onsenui/css/font_awesome/fonts/fa-regular-400d41d.eot]
[safeenkurd.info/vendor/onsenui/css/font_awesome/fonts/fa-regular-400.woff2]
[safeenkurd.info/vendor/onsenui/css/font_awesome/fonts/fa-regular-400.woff]
[safeenkurd.info/vendor/onsenui/css/font_awesome/fonts/fa-regular-400.ttf]
[safeenkurd.info/vendor/onsenui/css/font_awesome/fonts/fa-regular-400.svg]
[safeenkurd.info/vendor/onsenui/css/font_awesome/fonts/fa-solid-900.eot]
[safeenkurd.info/vendor/onsenui/css/font_awesome/fonts/fa-solid-900d41d.eot]
[safeenkurd.info/vendor/onsenui/css/font_awesome/fonts/fa-solid-900.woff2]
[safeenkurd.info/vendor/onsenui/css/font_awesome/fonts/fa-solid-900.woff]
[safeenkurd.info/vendor/onsenui/css/font_awesome/fonts/fa-solid-900.ttf]
[safeenkurd.info/vendor/onsenui/css/font_awesome/css/font-awesome.min.css]
[safeenkurd.info/vendor/onsenui/css/font_awesome/css/v4-shims.min.css]
[safeenkurd.info/vendor/themes/default/assets/fonts/icons.svg]
[safeenkurd.info/vendor/themes/default/assets/fonts/outline-icons.svg]
[safeenkurd.info/vendor/themes/default/assets/fonts/brand-icons.svg]
[safeenkurd.info/OPR/index.html]
[safeenkurd.info/Edge/index.html]
[safeenkurd.info/GET.html]
[safeenkurd.info/vendor/onsenui/css/ionicons/fonts/ionicons.svg]
[safeenkurd.info/vendor/onsenui/css/font_awesome/fonts/fa-brands-400.svg]
[safeenkurd.info/vendor/onsenui/css/font_awesome/fonts/fa-regular-400.svg]
[safeenkurd.info/vendor/onsenui/css/font_awesome/fonts/fa-solid-900.svg]
[safeenkurd.info/vendor/onsenui/css/font_awesome/fonts/fa-solid-900.svg]
